CCS PCM C Compiler, Version 4.078, 5967               14-abr-17 14:27

               Filename: C:\Users\Pedro Cavalcante\Desktop\PICa\Programms\Pisca_Pisca_8bits\pisca_8bits.lst

               ROM used: 57 words (3%)
                         Largest free fragment is 1991
               RAM used: 7 (3%) at main() level
                         8 (4%) worst case
               Stack:    1 locations

*
0000:  MOVLW  00
0001:  MOVWF  0A
0002:  GOTO   019
0003:  NOP
.................... /* programa: Pisca_Pisca_8Bits 
....................    Autor: Pedro C. ( KUMA ) 
....................    14.04.2017*/ 
.................... #include <16f628a.h> 
.................... //////// Standard Header file for the PIC16F628A device //////////////// 
.................... #device PIC16F628A 
.................... #list 
....................  
.................... #use delay(clock=4000000) 
0004:  MOVLW  22
0005:  MOVWF  04
0006:  BCF    03.7
0007:  MOVF   00,W
0008:  BTFSC  03.2
0009:  GOTO   018
000A:  MOVLW  01
000B:  MOVWF  78
000C:  CLRF   77
000D:  DECFSZ 77,F
000E:  GOTO   00D
000F:  DECFSZ 78,F
0010:  GOTO   00C
0011:  MOVLW  4A
0012:  MOVWF  77
0013:  DECFSZ 77,F
0014:  GOTO   013
0015:  GOTO   016
0016:  DECFSZ 00,F
0017:  GOTO   00A
0018:  RETLW  00
.................... #fuses xt, nolvp, nowdt, nobrownout, noprotect 
.................... void main(void){ 
0019:  CLRF   04
001A:  BCF    03.7
001B:  MOVLW  1F
001C:  ANDWF  03,F
001D:  MOVLW  07
001E:  MOVWF  1F
....................    while(true){ 
....................       output_b(0x55); 
001F:  BSF    03.5
0020:  CLRF   06
0021:  MOVLW  55
0022:  BCF    03.5
0023:  MOVWF  06
....................       delay_ms(1000); 
0024:  MOVLW  04
0025:  MOVWF  21
0026:  MOVLW  FA
0027:  MOVWF  22
0028:  CALL   004
0029:  DECFSZ 21,F
002A:  GOTO   026
....................       output_b(0xAA); 
002B:  BSF    03.5
002C:  CLRF   06
002D:  MOVLW  AA
002E:  BCF    03.5
002F:  MOVWF  06
....................       delay_ms(1000); 
0030:  MOVLW  04
0031:  MOVWF  21
0032:  MOVLW  FA
0033:  MOVWF  22
0034:  CALL   004
0035:  DECFSZ 21,F
0036:  GOTO   032
....................    } 
0037:  GOTO   01F
.................... } 
....................  
0038:  SLEEP

Configuration Fuses:
   Word  1: 3F21   XT NOWDT PUT NOPROTECT NOBROWNOUT MCLR NOLVP NOCPD
